// Jest Snapshot v1, https://goo.gl/fbAQLP

exports[`BookingBox renders correctly 1`] = `
<div>
  Could not find room!
</div>
`;
